// Jest Snapshot v1, https://goo.gl/fbAQLP

exports[`Deployment controller integration tests should return an error if the correct data isn't sent in the request body 1`] = `
Array [
  Object {
    "location": "body",
    "msg": "Invalid value",
    "param": "clientId",
  },
  Object {
    "location": "body",
    "msg": "Invalid value",
    "param": "clientSecret",
  },
  Object {
    "location": "body",
    "msg": "Invalid value",
    "param": "tenantId",
  },
  Object {
    "location": "body",
    "msg": "Invalid value",
    "param": "subscriptionId",
  },
  Object {
    "location": "body",
    "msg": "Invalid value",
    "param": "location",
  },
  Object {
    "location": "body",
    "msg": "Invalid value",
    "param": "resourceGroupName",
  },
  Object {
    "location": "body",
    "msg": "Invalid value",
    "param": "webAppName",
  },
  Object {
    "location": "body",
    "msg": "Invalid value",
    "param": "clientId",
  },
  Object {
    "location": "body",
    "msg": "Invalid value",
    "param": "clientSecret",
  },
  Object {
    "location": "body",
    "msg": "Invalid value",
    "param": "tenantId",
  },
  Object {
    "location": "body",
    "msg": "Invalid value",
    "param": "subscriptionId",
  },
  Object {
    "location": "body",
    "msg": "Invalid value",
    "param": "location",
  },
  Object {
    "location": "body",
    "msg": "Invalid value",
    "param": "resourceGroupName",
  },
  Object {
    "location": "body",
    "msg": "Invalid value",
    "param": "webAppName",
  },
]
`;
